--------------------------------------------------------------------------------
Release 14.7 Trace  (nt64)
Copyright (c) 1995-2013 Xilinx, Inc.  All rights reserved.

C:\Xilinx\14.7\ISE_DS\ISE\bin\nt64\unwrapped\trce.exe -intstyle ise -v 3 -s 2
-n 3 -fastpaths -xml BCD2SEG.twx BCD2SEG.ncd -o BCD2SEG.twr BCD2SEG.pcf

Design file:              BCD2SEG.ncd
Physical constraint file: BCD2SEG.pcf
Device,package,speed:     xc6slx9,tqg144,C,-2 (PRODUCTION 1.23 2013-10-13)
Report level:             verbose report

Environment Variable      Effect 
--------------------      ------ 
NONE                      No environment variables were set
--------------------------------------------------------------------------------

INFO:Timing:2698 - No timing constraints found, doing default enumeration.
INFO:Timing:3412 - To improve timing, see the Timing Closure User Guide (UG612).
INFO:Timing:2752 - To get complete path coverage, use the unconstrained paths 
   option. All paths that are not constrained will be reported in the 
   unconstrained paths section(s) of the report.
INFO:Timing:3339 - The clock-to-out numbers in this timing report are based on 
   a 50 Ohm transmission line loading model.  For the details of this model, 
   and for more information on accounting for different loading conditions, 
   please see the device datasheet.



Data Sheet report:
-----------------
All values displayed in nanoseconds (ns)

Pad to Pad
---------------+---------------+---------+
Source Pad     |Destination Pad|  Delay  |
---------------+---------------+---------+
nibble<0>      |seg<0>         |    8.224|
nibble<0>      |seg<1>         |    8.195|
nibble<0>      |seg<2>         |    8.525|
nibble<0>      |seg<3>         |    8.585|
nibble<0>      |seg<4>         |    8.324|
nibble<0>      |seg<5>         |    8.383|
nibble<0>      |seg<6>         |    8.583|
nibble<1>      |seg<0>         |    8.741|
nibble<1>      |seg<1>         |    8.228|
nibble<1>      |seg<2>         |    8.786|
nibble<1>      |seg<3>         |    8.846|
nibble<1>      |seg<4>         |    8.841|
nibble<1>      |seg<5>         |    8.728|
nibble<1>      |seg<6>         |    8.616|
nibble<2>      |seg<0>         |    9.004|
nibble<2>      |seg<1>         |    9.018|
nibble<2>      |seg<2>         |    9.274|
nibble<2>      |seg<3>         |    9.334|
nibble<2>      |seg<4>         |    9.104|
nibble<2>      |seg<5>         |    9.260|
nibble<2>      |seg<6>         |    9.406|
nibble<3>      |seg<0>         |    9.088|
nibble<3>      |seg<1>         |    8.748|
nibble<3>      |seg<2>         |    9.069|
nibble<3>      |seg<3>         |    9.129|
nibble<3>      |seg<4>         |    9.188|
nibble<3>      |seg<5>         |    9.061|
nibble<3>      |seg<6>         |    9.136|
---------------+---------------+---------+


Analysis completed Mon Apr 21 10:17:43 2025 
--------------------------------------------------------------------------------

Trace Settings:
-------------------------
Trace Settings 

Peak Memory Usage: 214 MB



